<?xml version="1.0" encoding="UTF-8"?>
<testsuites name="jest tests" tests="4" failures="0" errors="0" time="2.184">
  <testsuite name="Button Component" errors="0" failures="0" skipped="0" timestamp="2025-05-02T11:24:34" time="1.421" tests="4">
    <testcase classname="Button Component renders with provided text" name="Button Component renders with provided text" time="0.034">
    </testcase>
    <testcase classname="Button Component calls onClick handler when clicked" name="Button Component calls onClick handler when clicked" time="0.007">
    </testcase>
    <testcase classname="Button Component renders with primary variant by default" name="Button Component renders with primary variant by default" time="0.003">
    </testcase>
    <testcase classname="Button Component renders with secondary variant when specified" name="Button Component renders with secondary variant when specified" time="0.01">
    </testcase>
  </testsuite>
</testsuites>